The modder has not chosen to include their source code.
Files:
CalamityModMusic.dll
You can find this mod's .dll files under C:\Users\KDude\Documents\My Games\Terraria\tModLoader\ModSources\ModAssemblies for easy mod collaboration!
CalamityModMusic.pdb
build.txt
CalamityModMusic.csproj.user
description.txt
description_workshop.txt
icon.png
Sounds/Music/CalamitasDefeat_LongFade.ogg
Items/Placeables/CalamitasCloneMusicBox.png
Tiles/AstralInfectionMusicBox.png
Items/Placeables/SulphurousSeaDayMusicBox.png
Items/Placeables/Interlude1MusicBox.png
Sounds/Music/AnahitasLure.ogg
Tiles/LeviathanMusicBox.png
Items/Placeables/Interlude2MusicBox.png
Items/Placeables/CalamitasDefeatMusicBox.png
Tiles/DevourerofGodsPhase1MusicBox.png
Tiles/SunkenSeaMusicBox.png
Tiles/AbyssLayer3MusicBox.png
Tiles/AstralInfectionMusicBox_Highlight.png
Items/Placeables/Interlude3MusicBox.png
Tiles/LeviathanMusicBox_Highlight.png
Items/Placeables/SulphurousSeaNightMusicBox.png
Items/Placeables/CalamitasPhase1MusicBox.png
Tiles/SunkenSeaMusicBox_Highlight.png
Items/Placeables/LeviathanMusicBox.png
Items/Placeables/AnahitaMusicBox.png
Tiles/CalamitasPhase2MusicBox.png
Tiles/DevourerofGodsPhase1MusicBox_Highlight.png
Tiles/AstralInfectionUndergroundMusicBox.png
Items/Placeables/SulphurousSeaRainMusicBox.png
Tiles/OldDukeMusicBox.png
Items/Placeables/AnahitasLureMusicBox.png
Tiles/BossRushTier4MusicBox.png
Items/Placeables/CalamitasPhase2MusicBox.png
Tiles/YharonLegacyMusicBox.png
Items/Placeables/OldDukeMusicBox.png
Tiles/CalamitasPhase2MusicBox_Highlight.png
Tiles/DevourerofGodsPhase2MusicBox.png
Items/Placeables/SunkenSeaMusicBox.png
Tiles/AstralInfectionUndergroundMusicBox_Highlight.png
Items/Placeables/AquaticScourgeMusicBox.png
Items/Placeables/PerforatorsMusicBox.png
Tiles/ProvidenceMusicBox.png
Tiles/YharonLegacyMusicBox_Highlight.png
Tiles/BossRushTier4MusicBox_Highlight.png
Items/Placeables/CalamitasPhase3MusicBox.png
Tiles/DevourerofGodsPhase2MusicBox_Highlight.png
Sounds/Music/SulphurousSeaDay.ogg
Sounds/Music/Interlude1.ogg
Tiles/CalamitasPhase3MusicBox.png
Tiles/AstrumAureusMusicBox.png
Tiles/ProvidenceMusicBox_Highlight.png
Tiles/BossRushTier5MusicBox.png
Items/Placeables/PlaguebringerGoliathMusicBox.png
Items/Placeables/AstralInfectionMusicBox.png
Items/Placeables/CalamityTitleMusicBox.png
Items/Placeables/YharonLegacyMusicBox.png
Tiles/AbyssLayer3MusicBox_Highlight.png
Tiles/YharonPhase1MusicBox.png
Items/Placeables/PlanetoidMusicBox.png
Tiles/AstrumAureusMusicBox_Highlight.png
Tiles/OldDukeMusicBox_Highlight.png
Tiles/BossRushTier5MusicBox_Highlight.png
Tiles/DragonfollyMusicBox.png
Tiles/CalamitasPhase3MusicBox_Highlight.png
Items/Placeables/AstralInfectionUndergroundMusicBox.png
Tiles/RavagerMusicBox.png
Items/Placeables/CeaselessVoidMusicBox.png
Tiles/YharonPhase1MusicBox_Highlight.png
Items/Placeables/AstrumAureusMusicBox.png
Tiles/AstrumDeusMusicBox.png
Items/Placeables/CrabulonMusicBox.png
Tiles/BrainstormTrailerMusicBox.png
Tiles/CalamityTitleMusicBox.png
Tiles/RavagerMusicBox_Highlight.png
Items/Placeables/AstrumDeusMusicBox.png
Tiles/YharonPhase2MusicBox.png
Items/Placeables/PolterghastMusicBox.png
Items/Placeables/CryogenMusicBox.png
Tiles/AstrumDeusMusicBox_Highlight.png
Tiles/AbyssLayer4MusicBox.png
Items/Placeables/BioLabMusicBox.png
Tiles/CalamityTitleMusicBox_Highlight.png
Tiles/BrainstormTrailerMusicBox_Highlight.png
Tiles/SignusMusicBox.png
Tiles/YharonPhase2MusicBox_Highlight.png
Items/Placeables/YharonPhase1MusicBox.png
Items/Placeables/PrimordialWyrmMusicBox.png
Items/Placeables/BossRushTier1MusicBox.png
Items/Placeables/DesertScourgeMusicBox.png
Tiles/AbyssLayer4MusicBox_Highlight.png
Tiles/SignusMusicBox_Highlight.png
Tiles/CeaselessVoidMusicBox.png
Tiles/BrimstoneCragsMusicBox.png
Items/Placeables/AbyssLayer1MusicBox.png
Items/Placeables/YharonPhase2MusicBox.png
Items/Placeables/BossRushTier2MusicBox.png
Tiles/PerforatorsMusicBox.png
Items/Placeables/ProfanedGuardiansMusicBox.png
Items/Placeables/AbyssLayer2MusicBox.png
Tiles/AbyssLegacyMusicBox.png
Tiles/BrimstoneCragsMusicBox_Highlight.png
Items/Placeables/DevourerofGodsEulogyMusicBox.png
Sounds/Music/AquaticScourge.ogg
Tiles/CeaselessVoidMusicBox_Highlight.png
Sounds/Music/CalamitasPhase1.ogg
Items/Placeables/ProvidenceMusicBox.png
Items/Placeables/AbyssLayer3AltMusicBox.png
Tiles/DragonfollyMusicBox_Highlight.png
Tiles/PerforatorsMusicBox_Highlight.png
Tiles/BioLabMusicBox.png
Tiles/SlimeGodMusicBox.png
Items/Placeables/DevourerofGodsPhase1MusicBox.png
Items/Placeables/RavagerMusicBox.png
Items/Placeables/AbyssLayer3MusicBox.png
Tiles/BrimstoneElementalMusicBox.png
Tiles/BioLabMusicBox_Highlight.png
Tiles/CrabulonMusicBox.png
Tiles/ExoMechsMusicBox.png
Tiles/SlimeGodMusicBox_Highlight.png
Items/Placeables/DevourerofGodsPhase2MusicBox.png
Items/Placeables/SignusMusicBox.png
Tiles/PlaguebringerGoliathMusicBox.png
Tiles/AbyssLegacyMusicBox_Highlight.png
Tiles/BrimstoneElementalMusicBox_Highlight.png
Tiles/BossRushTier1MusicBox.png
Items/Placeables/SlimeGodMusicBox.png
Items/Placeables/DragonfollyMusicBox.png
Tiles/CrabulonMusicBox_Highlight.png
Tiles/StormWeaverMusicBox.png
Tiles/ExoMechsMusicBox_Highlight.png
Tiles/PlaguebringerGoliathMusicBox_Highlight.png
Items/Placeables/StormWeaverMusicBox.png
Tiles/CalamitasCloneMusicBox.png
Items/Placeables/BossRushTier3MusicBox.png
Items/Placeables/ExoMechsMusicBox.png
Sounds/Music/Interlude2.ogg
Tiles/StormWeaverMusicBox_Highlight.png
Tiles/CryogenMusicBox.png
Tiles/HiveMindMusicBox.png
Tiles/PlanetoidMusicBox.png
Items/Placeables/BossRushTier4MusicBox.png
Tiles/CalamitasCloneMusicBox_Highlight.png
Tiles/BossRushTier1MusicBox_Highlight.png
Items/Placeables/HiveMindMusicBox.png
Tiles/CryogenMusicBox_Highlight.png
Tiles/HiveMindMusicBox_Highlight.png
Items/Placeables/BossRushTier5MusicBox.png
Tiles/PlanetoidMusicBox_Highlight.png
Items/Placeables/AbyssLayer4MusicBox.png
Tiles/CalamitasDefeatMusicBox.png
Items/Placeables/BrainstormTrailerMusicBox.png
Tiles/Interlude1MusicBox.png
Tiles/DesertScourgeMusicBox.png
Sounds/Music/SulphurousSeaNight.ogg
Tiles/BossRushTier2MusicBox.png
Tiles/PolterghastMusicBox.png
Items/Placeables/AbyssLegacyMusicBox.png
Tiles/AcidRainTier1MusicBox.png
Items/Placeables/BrimstoneCragsMusicBox.png
Tiles/Interlude1MusicBox_Highlight.png
Tiles/DesertScourgeMusicBox_Highlight.png
Items/Placeables/AcidRainTier1MusicBox.png
Tiles/CalamitasDefeatMusicBox_Highlight.png
Tiles/BossRushTier2MusicBox_Highlight.png
Tiles/PolterghastMusicBox_Highlight.png
Items/Placeables/BrimstoneElementalMusicBox.png
Tiles/AcidRainTier1MusicBox_Highlight.png
Tiles/SulphurousSeaDayMusicBox.png
Items/Placeables/AcidRainTier3MusicBox.png
Tiles/DevourerofGodsEulogyMusicBox.png
Tiles/SulphurousSeaDayMusicBox_Highlight.png
Tiles/DevourerofGodsEulogyMusicBox_Highlight.png
Tiles/Interlude2MusicBox.png
Tiles/AcidRainTier3MusicBox.png
Tiles/SulphurousSeaNightMusicBox.png
Tiles/Interlude3MusicBox_Highlight.png
Tiles/AcidRainTier3MusicBox_Highlight.png
Tiles/Interlude2MusicBox_Highlight.png
Tiles/SulphurousSeaNightMusicBox_Highlight.png
Tiles/ProfanedGuardiansMusicBox_Highlight.png
Tiles/AnahitaMusicBox.png
Sounds/Music/AbyssLayer1.ogg
Tiles/SulphurousSeaRainMusicBox.png
Sounds/Music/Anahita.ogg
Tiles/AnahitaMusicBox_Highlight.png
Sounds/Music/AstralInfection.ogg
Tiles/SulphurousSeaRainMusicBox_Highlight.png
Tiles/Interlude3MusicBox.png
Tiles/AnahitasLureMusicBox.png
WikiThisIcon.png
Tiles/AquaticScourgeMusicBox_Highlight.png
Tiles/BossRushTier3MusicBox_Highlight.png
Tiles/AnahitasLureMusicBox_Highlight.png
Tiles/CalamitasPhase1MusicBox_Highlight.png
Tiles/PrimordialWyrmMusicBox.png
Localization/en-US.hjson
Properties/launchSettings.json
Tiles/AquaticScourgeMusicBox.png
Sounds/Music/CalamitasPhase1_FullIntro.ogg
Tiles/PrimordialWyrmMusicBox_Highlight.png
Tiles/AbyssLayer1MusicBox.png
Tiles/BossRushTier3MusicBox.png
Tiles/CalamitasPhase1MusicBox.png
Tiles/AbyssLayer1MusicBox_Highlight.png
Sounds/Music/AstralInfectionUnderground.ogg
Tiles/ProfanedGuardiansMusicBox.png
Tiles/AbyssLayer2MusicBox.png
Tiles/AbyssLayer2MusicBox_Highlight.png
Sounds/Music/CalamitasPhase2.ogg
Sounds/Music/Interlude2_CutIntro.ogg
Sounds/Music/SulphurousSeaRain.ogg
Tiles/AbyssLayer3AltMusicBox.png
Tiles/AbyssLayer3AltMusicBox_Highlight.png
Sounds/Music/AbyssLayer2.ogg
Sounds/Music/SunkenSea.ogg
Sounds/Music/Interlude3.ogg
Sounds/Music/AstrumAureus.ogg
Sounds/Music/YharonLegacy.ogg
Sounds/Music/AbyssLayer3.ogg
icon_workshop.png
LICENSE.md
Sounds/Music/Leviathan.ogg
README.md
Sounds/Music/CalamitasPhase3.ogg
Sounds/Music/AstrumDeus.ogg
Sounds/Music/AbyssLayer3Alt.ogg
Sounds/Music/OldDuke.ogg
Sounds/Music/CalamityTitle.ogg
Sounds/Music/BioLab.ogg
Sounds/Music/YharonPhase1.ogg
Sounds/Music/CeaselessVoid.ogg
Sounds/Music/AbyssLayer4.ogg
Sounds/Music/Perforators.ogg
Sounds/Music/BossRushTier1.ogg
Sounds/Music/AbyssLegacy.ogg
Sounds/Music/PlaguebringerGoliath.ogg
Sounds/Music/Crabulon.ogg
Sounds/Music/AcidRainTier1.ogg
Sounds/Music/BossRushTier2.ogg
Sounds/Music/YharonPhase2.ogg
Sounds/Music/Cryogen.ogg
Sounds/Music/Polterghast.ogg
Sounds/Music/BossRushTier3.ogg
Sounds/Music/DesertScourge.ogg
Sounds/Music/PrimordialWyrm.ogg
Sounds/Music/AcidRainTier3.ogg
Sounds/Music/ProfanedGuardians.ogg
Sounds/Music/DevourerofGodsEulogy.ogg
Sounds/Music/BossRushTier4.ogg
Sounds/Music/Providence.ogg
Sounds/Music/BrainstormTrailer.ogg
Sounds/Music/DevourerofGodsPhase1.ogg
Sounds/Music/Ravager.ogg
Sounds/Music/BrimstoneCrags.ogg
Sounds/Music/Signus.ogg
Sounds/Music/DevourerofGodsPhase2.ogg
Sounds/Music/BrimstoneElemental.ogg
Sounds/Music/Dragonfolly.ogg
Sounds/Music/SlimeGod.ogg
Sounds/Music/ExoMechs.ogg
Sounds/Music/StormWeaver.ogg
Sounds/Music/CalamitasClone.ogg
Sounds/Music/HiveMind.ogg
Sounds/Music/CalamitasDefeat.ogg
